200
Content-Type: application/x-amz-json-1.1
X-Amz-Target: WorkspacesService.

{"ClientPropertiesList":[{"ClientProperties":{"LogUploadEnabled":"ENABLED","ReconnectEnabled":"ENABLED"},"ResourceId":"__ResourceId__"},{"ClientProperties":{"LogUploadEnabled":"ENABLED","ReconnectEnabled":"ENABLED"},"ResourceId":"__ResourceId__"}]}