POST /alarms/reset

Content-Type: application/json

{"resetActionRequests":[{"alarmModelName":"__AlarmModelName__","keyValue":"__KeyValue__","note":"__Note__","requestId":"__RequestId__"},{"alarmModelName":"__AlarmModelName__","keyValue":"__KeyValue__","note":"__Note__","requestId":"__RequestId__"}]}