POST /alarms/acknowledge

Content-Type: application/json

{"acknowledgeActionRequests":[{"alarmModelName":"__AlarmModelName__","keyValue":"__KeyValue__","note":"__Note__","requestId":"__RequestId__"},{"alarmModelName":"__AlarmModelName__","keyValue":"__KeyValue__","note":"__Note__","requestId":"__RequestId__"}]}